[14.07.26 17:02:09][main.py][89]> D: ------------------------------------------------------------------
[14.07.26 17:04:30][main.py][89]> D: ------------------------------------------------------------------
[14.07.26 17:04:30][main.py][118]> I: Загружаю конфиг _main.cfg...
[14.07.26 17:04:30][main.py][123]> I: Загружаю конфиг auto_response.cfg...
[14.07.26 17:04:30][main.py][127]> I: Загружаю конфиг auto_delivery.cfg...
[14.07.26 17:04:30][cardinal.py][850]> I: Хэндлеры из handlers.py зарегистрированы.
[14.07.26 17:04:30][cardinal.py][850]> I: Хэндлеры из announcements.py зарегистрированы.
[14.07.26 17:04:30][cardinal.py][806]> I: Плагины не обнаружены.
[14.07.26 17:04:30][bot.py][1263]> I: Telegram бот инициализирован.
[14.07.26 17:04:30][cardinal.py][850]> I: Хэндлеры из tg_bot.auto_response_cp.py зарегистрированы.
[14.07.26 17:04:30][cardinal.py][850]> I: Хэндлеры из tg_bot.auto_delivery_cp.py зарегистрированы.
[14.07.26 17:04:30][cardinal.py][850]> I: Хэндлеры из tg_bot.config_loader_cp.py зарегистрированы.
[14.07.26 17:04:30][cardinal.py][850]> I: Хэндлеры из tg_bot.templates_cp.py зарегистрированы.
[14.07.26 17:04:30][cardinal.py][850]> I: Хэндлеры из tg_bot.plugins_cp.py зарегистрированы.
[14.07.26 17:04:30][cardinal.py][850]> I: Хэндлеры из tg_bot.file_uploader.py зарегистрированы.
[14.07.26 17:04:30][cardinal.py][850]> I: Хэндлеры из tg_bot.authorized_users_cp.py зарегистрированы.
[14.07.26 17:04:30][cardinal.py][850]> I: Хэндлеры из tg_bot.proxy_cp.py зарегистрированы.
[14.07.26 17:04:30][cardinal.py][850]> I: Хэндлеры из tg_bot.default_cp.py зарегистрированы.
[14.07.26 17:04:34][bot.py][1273]> I: Telegram бот @funpayStep1o_bot запущен.
[14.07.26 17:04:35][cardinal.py][222]> I: 
[14.07.26 17:04:35][cardinal.py][222]> I: ------------------------------------------------------------
[14.07.26 17:04:35][cardinal.py][222]> I: * Добрый вечер, Step1o0.                                   *
[14.07.26 17:04:35][cardinal.py][222]> I: * Ваш ID: 20180200.                                        *
[14.07.26 17:04:35][cardinal.py][222]> I: * Ваш текущий баланс: 0.0 RUB | 0.0 USD | 0.0 EUR          *
[14.07.26 17:04:35][cardinal.py][222]> I: * Текущие незавершенные сделки: 0.                         *
[14.07.26 17:04:35][cardinal.py][222]> I: * Удачной торговли!                                        *
[14.07.26 17:04:35][cardinal.py][222]> I: ------------------------------------------------------------
[14.07.26 17:04:35][cardinal.py][222]> I: 
[14.07.26 17:04:35][cardinal.py][248]> I: Получаю данные о лотах и категориях...
[14.07.26 17:04:35][cardinal.py][273]> I: Обновил информацию о лотах (0) и категориях (0) профиля.
[14.07.26 17:04:35][cardinal.py][277]> I: Обновил информацию о лотах (0) и категориях (0) профиля (TG ПУ).
[14.07.26 17:04:35][cardinal.py][607]> I: Цикл автоподнятия не был запущен, т.к. на аккаунте не обнаружен лотов.
[14.07.26 17:04:35][cardinal.py][628]> I: Цикл обновления сессии запущен.
[14.07.26 17:04:43][bot.py][313]> W: @step_o00 (ID: 7420090822) попытался получить доступ к ПУ. Сдерживаю его как могу!
[14.07.26 17:04:48][bot.py][308]> W: @step_o00 (ID: 7420090822) получил доступ к ПУ.
[14.07.26 17:06:03][bot.py][988]> I: @step_o00 (ID: 7420090822) изменил параметр autoRaise секции [FunPay] на 1.
[14.07.26 17:06:33][bot.py][988]> I: @step_o00 (ID: 7420090822) изменил параметр autoResponse секции [FunPay] на 1.
[14.07.26 17:07:16][bot.py][997]> I: @step_o00 (ID: 7420090822) переключил уведомления 2 для чата 7420090822 на True.
[14.07.26 17:07:17][bot.py][997]> I: @step_o00 (ID: 7420090822) переключил уведомления 4 для чата 7420090822 на True.
[14.07.26 17:07:20][bot.py][997]> I: @step_o00 (ID: 7420090822) переключил уведомления 5 для чата 7420090822 на True.
[14.07.26 17:07:23][bot.py][997]> I: @step_o00 (ID: 7420090822) переключил уведомления 9 для чата 7420090822 на True.
[14.07.26 17:07:24][bot.py][997]> I: @step_o00 (ID: 7420090822) переключил уведомления 5r для чата 7420090822 на True.
[14.07.26 17:07:25][bot.py][997]> I: @step_o00 (ID: 7420090822) переключил уведомления 1 для чата 7420090822 на True.
[14.07.26 17:07:49][bot.py][988]> I: @step_o00 (ID: 7420090822) изменил параметр sendGreetings секции [Greetings] на 1.
[14.07.26 17:09:09][bot.py][746]> I: @step_o00 (ID: 7420090822) изменил текст приветствия на պռիվետ , $chat_name.
[14.07.26 17:09:19][bot.py][988]> I: @step_o00 (ID: 7420090822) изменил параметр star5Reply секции [ReviewReply] на 1.
[14.07.26 17:09:21][bot.py][988]> I: @step_o00 (ID: 7420090822) изменил параметр star5Reply секции [ReviewReply] на 0.
[14.07.26 17:09:22][bot.py][988]> I: @step_o00 (ID: 7420090822) изменил параметр star5Reply секции [ReviewReply] на 1.
[14.07.26 17:09:23][bot.py][988]> I: @step_o00 (ID: 7420090822) изменил параметр star2Reply секции [ReviewReply] на 1.
[14.07.26 17:09:24][bot.py][988]> I: @step_o00 (ID: 7420090822) изменил параметр star3Reply секции [ReviewReply] на 1.
[14.07.26 17:09:24][bot.py][988]> I: @step_o00 (ID: 7420090822) изменил параметр star4Reply секции [ReviewReply] на 1.
[14.07.26 17:09:24][bot.py][988]> I: @step_o00 (ID: 7420090822) изменил параметр star1Reply секции [ReviewReply] на 1.
